[36mvite v8.0.14 [32mbuilding client environment for production...[36m[39m
[2K
transforming...Γ£ô 2142 modules transformed.
rendering chunks...
computing gzip size...
dist/index.html                   0.57 kB Γöé gzip:   0.34 kB
dist/assets/index-CbZ55sk0.css   11.94 kB Γöé gzip:   3.23 kB
dist/assets/index-Qbc8B7D0.js   356.06 kB Γöé gzip: 112.01 kB

node.exe : [31mΓ£ù[39m 
Build failed in 524ms
At line:1 char:1
+ & "C:\Program 
Files\nodejs/node.exe" 
"C:\Users\SUBHAJIT 
MONDAL\AppDat ...
+ ~~~~~~~~~~~~~~~~~~~~~~~
~~~~~~~~~~~~~~~~~~~~~~~~~
~~~~~~~~~~~~~~~~~~~~~
    + CategoryInfo       
       : NotSpecified:   
  ([31mΓ£ù[39m Build   
  failed in 524ms:Str    
ing) [], RemoteExcep    
tion
    + FullyQualifiedErro 
   rId : NativeCommandE  
  rror
 
[31merror during build:
[31mBuild failed with 1 
error:

Error: [vite]: Rolldown 
failed to resolve import 
"@tsparticles/react" 
from "C:/Users/SUBHAJIT M
ONDAL/OneDrive/Desktop/Po
rtfolio/src/App.jsx".
This is most likely 
unintended because it 
can break your 
application at runtime.
If you do want to 
externalize this module 
explicitly add it to
`build.rolldownOptions.ex
ternal`
    at viteLog (file:///C
:/Users/SUBHAJIT%20MONDAL
/OneDrive/Desktop/Portfol
io/node_modules/vite/dist
/node/chunks/node.js:3323
0:57)
    at file:///C:/Users/S
UBHAJIT%20MONDAL/OneDrive
/Desktop/Portfolio/node_m
odules/vite/dist/node/chu
nks/node.js:33266:71
    at onwarn (file:///C:
/Users/SUBHAJIT%20MONDAL/
OneDrive/Desktop/Portfoli
o/node_modules/@vitejs/pl
ugin-react/dist/index.js:
40:7)
    at file:///C:/Users/S
UBHAJIT%20MONDAL/OneDrive
/Desktop/Portfolio/node_m
odules/vite/dist/node/chu
nks/node.js:33266:28
    at onRollupLog (file:
///C:/Users/SUBHAJIT%20MO
NDAL/OneDrive/Desktop/Por
tfolio/node_modules/vite/
dist/node/chunks/node.js:
33261:63)
    at onLog (file:///C:/
Users/SUBHAJIT%20MONDAL/O
neDrive/Desktop/Portfolio
/node_modules/vite/dist/n
ode/chunks/node.js:33030:
4)
    at file:///C:/Users/S
UBHAJIT%20MONDAL/OneDrive
/Desktop/Portfolio/node_m
odules/rolldown/dist/shar
ed/rolldown-build-9MccaWP
U.mjs:50:26
    at logger (file:///C:
/Users/SUBHAJIT%20MONDAL/
OneDrive/Desktop/Portfoli
o/node_modules/rolldown/d
ist/shared/rolldown-build
-9MccaWPU.mjs:41:3)[31m
    at aggregateBindingEr
rorsIntoJsError (file:///
C:/Users/SUBHAJIT%20MONDA
L/OneDrive/Desktop/Portfo
lio/node_modules/rolldown
/dist/shared/error-B8po7K
iL.mjs:48:18)
    at 
unwrapBindingResult (file
:///C:/Users/SUBHAJIT%20M
ONDAL/OneDrive/Desktop/Po
rtfolio/node_modules/roll
down/dist/shared/error-B8
po7KiL.mjs:18:128)
    at #build (file:///C:
/Users/SUBHAJIT%20MONDAL/
OneDrive/Desktop/Portfoli
o/node_modules/rolldown/d
ist/shared/rolldown-build
-9MccaWPU.mjs:3236:34)
    at async 
buildEnvironment (file://
/C:/Users/SUBHAJIT%20MOND
AL/OneDrive/Desktop/Portf
olio/node_modules/vite/di
st/node/chunks/node.js:33
137:64)
    at async 
Object.build (file:///C:/
Users/SUBHAJIT%20MONDAL/O
neDrive/Desktop/Portfolio
/node_modules/vite/dist/n
ode/chunks/node.js:33559:
19)
    at async 
Object.buildApp (file:///
C:/Users/SUBHAJIT%20MONDA
L/OneDrive/Desktop/Portfo
lio/node_modules/vite/dis
t/node/chunks/node.js:335
56:153)
    at async 
CAC.<anonymous> (file:///
C:/Users/SUBHAJIT%20MONDA
L/OneDrive/Desktop/Portfo
lio/node_modules/vite/dis
t/node/cli.js:777:3) {
  errors: [Getter/Setter]
}[39m
